Component: Arm Compiler for Embedded 6.19 Tool: armlink [5e73cb00]

==============================================================================

Section Cross References

    main.o(.text.main) refers to init_portb.o(.text) for init_PORTB
    main.o(.text.main) refers to init_porte.o(.text) for init_PORTE
    main.o(.text.main) refers to init_portd.o(.text) for init_PORTD
    main.o(.text.main) refers to init_portf.o(.text) for init_PORTF
    main.o(.text.main) refers to visualizar.o(.text) for visualizar
    main.o(.text.main) refers to leer.o(.text) for leer
    main.o(.text.main) refers to increm.o(.text) for increm
    main.o(.text.main) refers to decrem.o(.text) for decrem
    main.o(.ARM.exidx.text.main) refers to main.o(.text.main) for [Anonymous Symbol]
    startup_tm4c123.o(RESET) refers to startup_tm4c123.o(STACK) for __initial_sp
    startup_tm4c123.o(RESET) refers to startup_tm4c123.o(.text) for Reset_Handler
    startup_tm4c123.o(.text) refers to system_tm4c123.o(.text.SystemInit) for SystemInit
    startup_tm4c123.o(.text) refers to entry.o(.ARM.Collect$$$$00000000) for __main
    system_tm4c123.o(.text.SystemCoreClockUpdate) refers to system_tm4c123.o(.text.getOscClk) for getOscClk
    system_tm4c123.o(.text.SystemCoreClockUpdate) refers to system_tm4c123.o(.data.SystemCoreClock) for SystemCoreClock
    system_tm4c123.o(.ARM.exidx.text.SystemCoreClockUpdate) refers to system_tm4c123.o(.text.SystemCoreClockUpdate) for [Anonymous Symbol]
    system_tm4c123.o(.ARM.exidx.text.getOscClk) refers to system_tm4c123.o(.text.getOscClk) for [Anonymous Symbol]
    system_tm4c123.o(.ARM.exidx.text.SystemInit) refers to system_tm4c123.o(.text.SystemInit) for [Anonymous Symbol]
    entry.o(.ARM.Collect$$$$00000000) refers (Special) to entry10a.o(.ARM.Collect$$$$0000000D) for __rt_final_cpp
    entry.o(.ARM.Collect$$$$00000000) refers (Special) to entry11a.o(.ARM.Collect$$$$0000000F) for __rt_final_exit
    entry.o(.ARM.Collect$$$$00000000) refers (Special) to entry7b.o(.ARM.Collect$$$$00000008) for _main_clock
    entry.o(.ARM.Collect$$$$00000000) refers (Special) to entry8b.o(.ARM.Collect$$$$0000000A) for _main_cpp_init
    entry.o(.ARM.Collect$$$$00000000) refers (Special) to entry9a.o(.ARM.Collect$$$$0000000B) for _main_init
    entry.o(.ARM.Collect$$$$00000000) refers (Special) to entry5.o(.ARM.Collect$$$$00000004) for _main_scatterload
    entry.o(.ARM.Collect$$$$00000000) refers (Special) to entry2.o(.ARM.Collect$$$$00000001) for _main_stk
    entry2.o(.ARM.Collect$$$$00000001) refers to entry2.o(.ARM.Collect$$$$00002712) for __lit__00000000
    entry2.o(.ARM.Collect$$$$00002712) refers to startup_tm4c123.o(STACK) for __initial_sp
    entry2.o(__vectab_stack_and_reset_area) refers to startup_tm4c123.o(STACK) for __initial_sp
    entry2.o(__vectab_stack_and_reset_area) refers to entry.o(.ARM.Collect$$$$00000000) for __main
    entry5.o(.ARM.Collect$$$$00000004) refers to init.o(.text) for __scatterload
    entry9a.o(.ARM.Collect$$$$0000000B) refers to main.o(.text.main) for main
    entry9b.o(.ARM.Collect$$$$0000000C) refers to main.o(.text.main) for main
    init.o(.text) refers to entry5.o(.ARM.Collect$$$$00000004) for __main_after_scatterload


==============================================================================

Removing Unused input sections from the image.

    Removing main.o(.text), (0 bytes).
    Removing main.o(.ARM.exidx.text.main), (8 bytes).
    Removing main.o(.ARM.use_no_argv), (4 bytes).
    Removing delay_ms.o(.text), (18 bytes).
    Removing display.o(.text), (154 bytes).
    Removing visdos.o(.text), (16 bytes).
    Removing visuno.o(.text), (16 bytes).
    Removing vistres.o(.text), (16 bytes).
    Removing viscuatro.o(.text), (16 bytes).
    Removing startup_tm4c123.o(HEAP), (0 bytes).
    Removing system_tm4c123.o(.text), (0 bytes).
    Removing system_tm4c123.o(.text.SystemCoreClockUpdate), (326 bytes).
    Removing system_tm4c123.o(.ARM.exidx.text.SystemCoreClockUpdate), (8 bytes).
    Removing system_tm4c123.o(.text.getOscClk), (360 bytes).
    Removing system_tm4c123.o(.ARM.exidx.text.getOscClk), (8 bytes).
    Removing system_tm4c123.o(.ARM.exidx.text.SystemInit), (8 bytes).
    Removing system_tm4c123.o(.data.SystemCoreClock), (4 bytes).

17 unused section(s) (total 962 bytes) removed from the image.

==============================================================================

Image Symbol Table

    Local Symbols

    Symbol Name                              Value     Ov Type        Size  Object(Section)

    ../clib/microlib/init/entry.s            0x00000000   Number         0  entry.o ABSOLUTE
    ../clib/microlib/init/entry.s            0x00000000   Number         0  entry2.o ABSOLUTE
    ../clib/microlib/init/entry.s            0x00000000   Number         0  entry5.o ABSOLUTE
    ../clib/microlib/init/entry.s            0x00000000   Number         0  entry7a.o ABSOLUTE
    ../clib/microlib/init/entry.s            0x00000000   Number         0  entry7b.o ABSOLUTE
    ../clib/microlib/init/entry.s            0x00000000   Number         0  entry8a.o ABSOLUTE
    ../clib/microlib/init/entry.s            0x00000000   Number         0  entry8b.o ABSOLUTE
    ../clib/microlib/init/entry.s            0x00000000   Number         0  entry9a.o ABSOLUTE
    ../clib/microlib/init/entry.s            0x00000000   Number         0  entry9b.o ABSOLUTE
    ../clib/microlib/init/entry.s            0x00000000   Number         0  entry10a.o ABSOLUTE
    ../clib/microlib/init/entry.s            0x00000000   Number         0  entry10b.o ABSOLUTE
    ../clib/microlib/init/entry.s            0x00000000   Number         0  entry11a.o ABSOLUTE
    ../clib/microlib/init/entry.s            0x00000000   Number         0  entry11b.o ABSOLUTE
    RTE/Device/TM4C123GH6PM/startup_TM4C123.s 0x00000000   Number         0  startup_tm4c123.o ABSOLUTE
    dc.s                                     0x00000000   Number         0  dc.o ABSOLUTE
    handlers.s                               0x00000000   Number         0  handlers.o ABSOLUTE
    init.s                                   0x00000000   Number         0  init.o ABSOLUTE
    main.c                                   0x00000000   Number         0  main.o ABSOLUTE
    system_TM4C123.c                         0x00000000   Number         0  system_tm4c123.o ABSOLUTE
    tm4c123gh6pm.s                           0x00000000   Number         0  tm4c123gh6pm.o ABSOLUTE
    RESET                                    0x00000000   Section      620  startup_tm4c123.o(RESET)
    .ARM.Collect$$$$00000000                 0x0000026c   Section        0  entry.o(.ARM.Collect$$$$00000000)
    .ARM.Collect$$$$00000001                 0x0000026c   Section        4  entry2.o(.ARM.Collect$$$$00000001)
    .ARM.Collect$$$$00000004                 0x00000270   Section        4  entry5.o(.ARM.Collect$$$$00000004)
    .ARM.Collect$$$$00000008                 0x00000274   Section        0  entry7b.o(.ARM.Collect$$$$00000008)
    .ARM.Collect$$$$0000000A                 0x00000274   Section        0  entry8b.o(.ARM.Collect$$$$0000000A)
    .ARM.Collect$$$$0000000B                 0x00000274   Section        8  entry9a.o(.ARM.Collect$$$$0000000B)
    __lit__00000000                          0x0000027c   Data           4  entry2.o(.ARM.Collect$$$$00002712)
    .ARM.Collect$$$$0000000D                 0x0000027c   Section        0  entry10a.o(.ARM.Collect$$$$0000000D)
    .ARM.Collect$$$$0000000F                 0x0000027c   Section        0  entry11a.o(.ARM.Collect$$$$0000000F)
    .ARM.Collect$$$$00002712                 0x0000027c   Section        4  entry2.o(.ARM.Collect$$$$00002712)
    [Anonymous Symbol]                       0x00000280   Section        0  init_portf.o(.text)
    [Anonymous Symbol]                       0x000002fc   Section        0  leer.o(.text)
    [Anonymous Symbol]                       0x00000308   Section        0  init_portb.o(.text)
    [Anonymous Symbol]                       0x00000374   Section        0  init_portd.o(.text)
    [Anonymous Symbol]                       0x000003f0   Section        0  init_porte.o(.text)
    [Anonymous Symbol]                       0x0000045c   Section        0  increm.o(.text)
    CONTINUAR                                0x00000460   Number         0  increm.o(.text)
    NEXT                                     0x00000468   Number         0  increm.o(.text)
    CARGAP2                                  0x0000047a   Number         0  increm.o(.text)
    CARGAP1                                  0x00000488   Number         0  increm.o(.text)
    BOTONP1                                  0x00000496   Number         0  increm.o(.text)
    BOTONP2                                  0x000004aa   Number         0  increm.o(.text)
    CONPAR                                   0x000004cc   Number         0  increm.o(.text)
    VOLVPAR                                  0x000004ec   Number         0  increm.o(.text)
    COMP                                     0x000004f6   Number         0  increm.o(.text)
    COMP_UNI                                 0x00000502   Number         0  increm.o(.text)
    REIN_TOTAL                               0x0000050e   Number         0  increm.o(.text)
    RESETUNI_ASC                             0x00000528   Number         0  increm.o(.text)
    RESETDEC_ASC                             0x00000544   Number         0  increm.o(.text)
    FIN                                      0x0000054e   Number         0  increm.o(.text)
    [Anonymous Symbol]                       0x00000550   Section        0  decrem.o(.text)
    NEXTRES                                  0x0000055a   Number         0  decrem.o(.text)
    CARGAP4                                  0x0000056c   Number         0  decrem.o(.text)
    CARGAP3                                  0x00000576   Number         0  decrem.o(.text)
    BOTONP3                                  0x00000580   Number         0  decrem.o(.text)
    BOTONP4                                  0x00000594   Number         0  decrem.o(.text)
    CONTIMP                                  0x000005b0   Number         0  decrem.o(.text)
    VOLVIMP                                  0x000005c4   Number         0  decrem.o(.text)
    RESETU_DES                               0x000005ce   Number         0  decrem.o(.text)
    RESETD_DES                               0x000005ee   Number         0  decrem.o(.text)
    FIN                                      0x00000606   Number         0  decrem.o(.text)
    [Anonymous Symbol]                       0x00000608   Section        0  visualizar.o(.text)
    LOOPV                                    0x0000061e   Number         0  visualizar.o(.text)
    DISP                                     0x00000694   Number         0  visualizar.o(.text)
    SEG0                                     0x000006c6   Number         0  visualizar.o(.text)
    SEG1                                     0x000006d0   Number         0  visualizar.o(.text)
    SEG2                                     0x000006da   Number         0  visualizar.o(.text)
    SEG3                                     0x000006e4   Number         0  visualizar.o(.text)
    SEG4                                     0x000006ee   Number         0  visualizar.o(.text)
    SEG5                                     0x000006f8   Number         0  visualizar.o(.text)
    SEG6                                     0x00000702   Number         0  visualizar.o(.text)
    SEG7                                     0x0000070c   Number         0  visualizar.o(.text)
    SEG8                                     0x00000716   Number         0  visualizar.o(.text)
    SEG9                                     0x00000720   Number         0  visualizar.o(.text)
    DELAY_MS                                 0x0000072a   Number         0  visualizar.o(.text)
    LOOP_MS                                  0x00000734   Number         0  visualizar.o(.text)
    FIN                                      0x0000073a   Number         0  visualizar.o(.text)
    $v0                                      0x0000073c   Number         0  startup_tm4c123.o(.text)
    .text                                    0x0000073c   Section      252  startup_tm4c123.o(.text)
    .text                                    0x00000838   Section       36  init.o(.text)
    [Anonymous Symbol]                       0x0000085c   Section        0  system_tm4c123.o(.text.SystemInit)
    [Anonymous Symbol]                       0x00000968   Section        0  main.o(.text.main)
    i.__scatterload_copy                     0x00000a02   Section       14  handlers.o(i.__scatterload_copy)
    i.__scatterload_null                     0x00000a10   Section        2  handlers.o(i.__scatterload_null)
    i.__scatterload_zeroinit                 0x00000a12   Section       14  handlers.o(i.__scatterload_zeroinit)
    STACK                                    0x20000000   Section      512  startup_tm4c123.o(STACK)

    Global Symbols

    Symbol Name                              Value     Ov Type        Size  Object(Section)

    BuildAttributes$$THM_ISAv4$E$P$D$K$B$S$7EM$VFPi3$EXTD16$VFPS$VFMA$PE$A:L22UL41UL21$X:L11$S22US41US21$IEEE1$IW$~IW$USESV6$~STKCKD$USESV7$~SHL$OSPACE$EBA8$MICROLIB$REQ8$EABIv2 0x00000000   Number         0  anon$$obj.o ABSOLUTE
    __Vectors                                0x00000000   Data           4  startup_tm4c123.o(RESET)
    __cpp_initialize__aeabi_                  - Undefined Weak Reference
    __cxa_finalize                            - Undefined Weak Reference
    __decompress                              - Undefined Weak Reference
    _clock_init                               - Undefined Weak Reference
    _microlib_exit                            - Undefined Weak Reference
    __Vectors_End                            0x0000026c   Data           0  startup_tm4c123.o(RESET)
    __Vectors_Size                           0x0000026c   Number         0  startup_tm4c123.o ABSOLUTE
    __main                                   0x0000026d   Thumb Code     0  entry.o(.ARM.Collect$$$$00000000)
    _main_stk                                0x0000026d   Thumb Code     0  entry2.o(.ARM.Collect$$$$00000001)
    _main_scatterload                        0x00000271   Thumb Code     0  entry5.o(.ARM.Collect$$$$00000004)
    __main_after_scatterload                 0x00000275   Thumb Code     0  entry5.o(.ARM.Collect$$$$00000004)
    _main_clock                              0x00000275   Thumb Code     0  entry7b.o(.ARM.Collect$$$$00000008)
    _main_cpp_init                           0x00000275   Thumb Code     0  entry8b.o(.ARM.Collect$$$$0000000A)
    _main_init                               0x00000275   Thumb Code     0  entry9a.o(.ARM.Collect$$$$0000000B)
    __rt_final_cpp                           0x0000027d   Thumb Code     0  entry10a.o(.ARM.Collect$$$$0000000D)
    __rt_final_exit                          0x0000027d   Thumb Code     0  entry11a.o(.ARM.Collect$$$$0000000F)
    init_PORTF                               0x00000281   Thumb Code     0  init_portf.o(.text)
    leer                                     0x000002fd   Thumb Code     0  leer.o(.text)
    init_PORTB                               0x00000309   Thumb Code     0  init_portb.o(.text)
    init_PORTD                               0x00000375   Thumb Code     0  init_portd.o(.text)
    init_PORTE                               0x000003f1   Thumb Code     0  init_porte.o(.text)
    increm                                   0x0000045d   Thumb Code     0  increm.o(.text)
    decrem                                   0x00000551   Thumb Code     0  decrem.o(.text)
    visualizar                               0x00000609   Thumb Code     0  visualizar.o(.text)
    Reset_Handler                            0x0000073d   Thumb Code     8  startup_tm4c123.o(.text)
    NMI_Handler                              0x00000745   Thumb Code     2  startup_tm4c123.o(.text)
    HardFault_Handler                        0x00000747   Thumb Code     2  startup_tm4c123.o(.text)
    MemManage_Handler                        0x00000749   Thumb Code     2  startup_tm4c123.o(.text)
    BusFault_Handler                         0x0000074b   Thumb Code     2  startup_tm4c123.o(.text)
    UsageFault_Handler                       0x0000074d   Thumb Code     2  startup_tm4c123.o(.text)
    SVC_Handler                              0x0000074f   Thumb Code     2  startup_tm4c123.o(.text)
    DebugMon_Handler                         0x00000751   Thumb Code     2  startup_tm4c123.o(.text)
    PendSV_Handler                           0x00000753   Thumb Code     2  startup_tm4c123.o(.text)
    SysTick_Handler                          0x00000755   Thumb Code     2  startup_tm4c123.o(.text)
    GPIOA_Handler                            0x00000757   Thumb Code     2  startup_tm4c123.o(.text)
    GPIOB_Handler                            0x00000759   Thumb Code     2  startup_tm4c123.o(.text)
    GPIOC_Handler                            0x0000075b   Thumb Code     2  startup_tm4c123.o(.text)
    GPIOD_Handler                            0x0000075d   Thumb Code     2  startup_tm4c123.o(.text)
    GPIOE_Handler                            0x0000075f   Thumb Code     2  startup_tm4c123.o(.text)
    UART0_Handler                            0x00000761   Thumb Code     2  startup_tm4c123.o(.text)
    UART1_Handler                            0x00000763   Thumb Code     2  startup_tm4c123.o(.text)
    SSI0_Handler                             0x00000765   Thumb Code     2  startup_tm4c123.o(.text)
    I2C0_Handler                             0x00000767   Thumb Code     2  startup_tm4c123.o(.text)
    PMW0_FAULT_Handler                       0x00000769   Thumb Code     2  startup_tm4c123.o(.text)
    PWM0_0_Handler                           0x0000076b   Thumb Code     2  startup_tm4c123.o(.text)
    PWM0_1_Handler                           0x0000076d   Thumb Code     2  startup_tm4c123.o(.text)
    PWM0_2_Handler                           0x0000076f   Thumb Code     2  startup_tm4c123.o(.text)
    QEI0_Handler                             0x00000771   Thumb Code     2  startup_tm4c123.o(.text)
    ADC0SS0_Handler                          0x00000773   Thumb Code     2  startup_tm4c123.o(.text)
    ADC0SS1_Handler                          0x00000775   Thumb Code     2  startup_tm4c123.o(.text)
    ADC0SS2_Handler                          0x00000777   Thumb Code     2  startup_tm4c123.o(.text)
    ADC0SS3_Handler                          0x00000779   Thumb Code     2  startup_tm4c123.o(.text)
    WDT0_Handler                             0x0000077b   Thumb Code     2  startup_tm4c123.o(.text)
    TIMER0A_Handler                          0x0000077d   Thumb Code     2  startup_tm4c123.o(.text)
    TIMER0B_Handler                          0x0000077f   Thumb Code     2  startup_tm4c123.o(.text)
    TIMER1A_Handler                          0x00000781   Thumb Code     2  startup_tm4c123.o(.text)
    TIMER1B_Handler                          0x00000783   Thumb Code     2  startup_tm4c123.o(.text)
    TIMER2A_Handler                          0x00000785   Thumb Code     2  startup_tm4c123.o(.text)
    TIMER2B_Handler                          0x00000787   Thumb Code     2  startup_tm4c123.o(.text)
    COMP0_Handler                            0x00000789   Thumb Code     2  startup_tm4c123.o(.text)
    COMP1_Handler                            0x0000078b   Thumb Code     2  startup_tm4c123.o(.text)
    COMP2_Handler                            0x0000078d   Thumb Code     2  startup_tm4c123.o(.text)
    SYSCTL_Handler                           0x0000078f   Thumb Code     2  startup_tm4c123.o(.text)
    FLASH_Handler                            0x00000791   Thumb Code     2  startup_tm4c123.o(.text)
    GPIOF_Handler                            0x00000793   Thumb Code     2  startup_tm4c123.o(.text)
    GPIOG_Handler                            0x00000795   Thumb Code     2  startup_tm4c123.o(.text)
    GPIOH_Handler                            0x00000797   Thumb Code     2  startup_tm4c123.o(.text)
    UART2_Handler                            0x00000799   Thumb Code     2  startup_tm4c123.o(.text)
    SSI1_Handler                             0x0000079b   Thumb Code     2  startup_tm4c123.o(.text)
    TIMER3A_Handler                          0x0000079d   Thumb Code     2  startup_tm4c123.o(.text)
    TIMER3B_Handler                          0x0000079f   Thumb Code     2  startup_tm4c123.o(.text)
    I2C1_Handler                             0x000007a1   Thumb Code     2  startup_tm4c123.o(.text)
    QEI1_Handler                             0x000007a3   Thumb Code     2  startup_tm4c123.o(.text)
    CAN0_Handler                             0x000007a5   Thumb Code     2  startup_tm4c123.o(.text)
    CAN1_Handler                             0x000007a7   Thumb Code     2  startup_tm4c123.o(.text)
    CAN2_Handler                             0x000007a9   Thumb Code     2  startup_tm4c123.o(.text)
    HIB_Handler                              0x000007ab   Thumb Code     2  startup_tm4c123.o(.text)
    USB0_Handler                             0x000007ad   Thumb Code     2  startup_tm4c123.o(.text)
    PWM0_3_Handler                           0x000007af   Thumb Code     2  startup_tm4c123.o(.text)
    UDMA_Handler                             0x000007b1   Thumb Code     2  startup_tm4c123.o(.text)
    UDMAERR_Handler                          0x000007b3   Thumb Code     2  startup_tm4c123.o(.text)
    ADC1SS0_Handler                          0x000007b5   Thumb Code     2  startup_tm4c123.o(.text)
    ADC1SS1_Handler                          0x000007b7   Thumb Code     2  startup_tm4c123.o(.text)
    ADC1SS2_Handler                          0x000007b9   Thumb Code     2  startup_tm4c123.o(.text)
    ADC1SS3_Handler                          0x000007bb   Thumb Code     2  startup_tm4c123.o(.text)
    GPIOJ_Handler                            0x000007bd   Thumb Code     2  startup_tm4c123.o(.text)
    GPIOK_Handler                            0x000007bf   Thumb Code     2  startup_tm4c123.o(.text)
    GPIOL_Handler                            0x000007c1   Thumb Code     2  startup_tm4c123.o(.text)
    SSI2_Handler                             0x000007c3   Thumb Code     2  startup_tm4c123.o(.text)
    SSI3_Handler                             0x000007c5   Thumb Code     2  startup_tm4c123.o(.text)
    UART3_Handler                            0x000007c7   Thumb Code     2  startup_tm4c123.o(.text)
    UART4_Handler                            0x000007c9   Thumb Code     2  startup_tm4c123.o(.text)
    UART5_Handler                            0x000007cb   Thumb Code     2  startup_tm4c123.o(.text)
    UART6_Handler                            0x000007cd   Thumb Code     2  startup_tm4c123.o(.text)
    UART7_Handler                            0x000007cf   Thumb Code     2  startup_tm4c123.o(.text)
    I2C2_Handler                             0x000007d1   Thumb Code     2  startup_tm4c123.o(.text)
    I2C3_Handler                             0x000007d3   Thumb Code     2  startup_tm4c123.o(.text)
    TIMER4A_Handler                          0x000007d5   Thumb Code     2  startup_tm4c123.o(.text)
    TIMER4B_Handler                          0x000007d7   Thumb Code     2  startup_tm4c123.o(.text)
    TIMER5A_Handler                          0x000007d9   Thumb Code     2  startup_tm4c123.o(.text)
    TIMER5B_Handler                          0x000007db   Thumb Code     2  startup_tm4c123.o(.text)
    WTIMER0A_Handler                         0x000007dd   Thumb Code     2  startup_tm4c123.o(.text)
    WTIMER0B_Handler                         0x000007df   Thumb Code     2  startup_tm4c123.o(.text)
    WTIMER1A_Handler                         0x000007e1   Thumb Code     2  startup_tm4c123.o(.text)
    WTIMER1B_Handler                         0x000007e3   Thumb Code     2  startup_tm4c123.o(.text)
    WTIMER2A_Handler                         0x000007e5   Thumb Code     2  startup_tm4c123.o(.text)
    WTIMER2B_Handler                         0x000007e7   Thumb Code     2  startup_tm4c123.o(.text)
    WTIMER3A_Handler                         0x000007e9   Thumb Code     2  startup_tm4c123.o(.text)
    WTIMER3B_Handler                         0x000007eb   Thumb Code     2  startup_tm4c123.o(.text)
    WTIMER4A_Handler                         0x000007ed   Thumb Code     2  startup_tm4c123.o(.text)
    WTIMER4B_Handler                         0x000007ef   Thumb Code     2  startup_tm4c123.o(.text)
    WTIMER5A_Handler                         0x000007f1   Thumb Code     2  startup_tm4c123.o(.text)
    WTIMER5B_Handler                         0x000007f3   Thumb Code     2  startup_tm4c123.o(.text)
    FPU_Handler                              0x000007f5   Thumb Code     2  startup_tm4c123.o(.text)
    I2C4_Handler                             0x000007f7   Thumb Code     2  startup_tm4c123.o(.text)
    I2C5_Handler                             0x000007f9   Thumb Code     2  startup_tm4c123.o(.text)
    GPIOM_Handler                            0x000007fb   Thumb Code     2  startup_tm4c123.o(.text)
    GPION_Handler                            0x000007fd   Thumb Code     2  startup_tm4c123.o(.text)
    QEI2_Handler                             0x000007ff   Thumb Code     2  startup_tm4c123.o(.text)
    GPIOP0_Handler                           0x00000801   Thumb Code     2  startup_tm4c123.o(.text)
    GPIOP1_Handler                           0x00000803   Thumb Code     2  startup_tm4c123.o(.text)
    GPIOP2_Handler                           0x00000805   Thumb Code     2  startup_tm4c123.o(.text)
    GPIOP3_Handler                           0x00000807   Thumb Code     2  startup_tm4c123.o(.text)
    GPIOP4_Handler                           0x00000809   Thumb Code     2  startup_tm4c123.o(.text)
    GPIOP5_Handler                           0x0000080b   Thumb Code     2  startup_tm4c123.o(.text)
    GPIOP6_Handler                           0x0000080d   Thumb Code     2  startup_tm4c123.o(.text)
    GPIOP7_Handler                           0x0000080f   Thumb Code     2  startup_tm4c123.o(.text)
    GPIOQ0_Handler                           0x00000811   Thumb Code     2  startup_tm4c123.o(.text)
    GPIOQ1_Handler                           0x00000813   Thumb Code     2  startup_tm4c123.o(.text)
    GPIOQ2_Handler                           0x00000815   Thumb Code     2  startup_tm4c123.o(.text)
    GPIOQ3_Handler                           0x00000817   Thumb Code     2  startup_tm4c123.o(.text)
    GPIOQ4_Handler                           0x00000819   Thumb Code     2  startup_tm4c123.o(.text)
    GPIOQ5_Handler                           0x0000081b   Thumb Code     2  startup_tm4c123.o(.text)
    GPIOQ6_Handler                           0x0000081d   Thumb Code     2  startup_tm4c123.o(.text)
    GPIOQ7_Handler                           0x0000081f   Thumb Code     2  startup_tm4c123.o(.text)
    GPIOR_Handler                            0x00000821   Thumb Code     2  startup_tm4c123.o(.text)
    GPIOS_Handler                            0x00000823   Thumb Code     2  startup_tm4c123.o(.text)
    PMW1_0_Handler                           0x00000825   Thumb Code     2  startup_tm4c123.o(.text)
    PWM1_1_Handler                           0x00000827   Thumb Code     2  startup_tm4c123.o(.text)
    PWM1_2_Handler                           0x00000829   Thumb Code     2  startup_tm4c123.o(.text)
    PWM1_3_Handler                           0x0000082b   Thumb Code     2  startup_tm4c123.o(.text)
    PWM1_FAULT_Handler                       0x0000082d   Thumb Code     2  startup_tm4c123.o(.text)
    __scatterload                            0x00000839   Thumb Code    28  init.o(.text)
    __scatterload_rt2                        0x00000839   Thumb Code     0  init.o(.text)
    SystemInit                               0x0000085d   Thumb Code   268  system_tm4c123.o(.text.SystemInit)
    main                                     0x00000969   Thumb Code   154  main.o(.text.main)
    __scatterload_copy                       0x00000a03   Thumb Code    14  handlers.o(i.__scatterload_copy)
    __scatterload_null                       0x00000a11   Thumb Code     2  handlers.o(i.__scatterload_null)
    __scatterload_zeroinit                   0x00000a13   Thumb Code    14  handlers.o(i.__scatterload_zeroinit)
    Region$$Table$$Base                      0x00000a20   Number         0  anon$$obj.o(Region$$Table)
    Region$$Table$$Limit                     0x00000a30   Number         0  anon$$obj.o(Region$$Table)
    __initial_sp                             0x20000200   Data           0  startup_tm4c123.o(STACK)



==============================================================================

Memory Map of the image

  Image Entry point : 0x0000073d

  Load Region LR_1 (Base: 0x00000000, Size: 0x00000a30, Max: 0xffffffff, ABSOLUTE)

    Execution Region ER_RO (Exec base: 0x00000000, Load base: 0x00000000, Size: 0x00000a30, Max: 0xffffffff, ABSOLUTE)

    Exec Addr    Load Addr    Size         Type   Attr      Idx    E Section Name        Object

    0x00000000   0x00000000   0x0000026c   Data   RO           82    RESET               startup_tm4c123.o
    0x0000026c   0x0000026c   0x00000000   Code   RO          103  * .ARM.Collect$$$$00000000  mc_w.l(entry.o)
    0x0000026c   0x0000026c   0x00000004   Code   RO          106    .ARM.Collect$$$$00000001  mc_w.l(entry2.o)
    0x00000270   0x00000270   0x00000004   Code   RO          109    .ARM.Collect$$$$00000004  mc_w.l(entry5.o)
    0x00000274   0x00000274   0x00000000   Code   RO          111    .ARM.Collect$$$$00000008  mc_w.l(entry7b.o)
    0x00000274   0x00000274   0x00000000   Code   RO          113    .ARM.Collect$$$$0000000A  mc_w.l(entry8b.o)
    0x00000274   0x00000274   0x00000008   Code   RO          114    .ARM.Collect$$$$0000000B  mc_w.l(entry9a.o)
    0x0000027c   0x0000027c   0x00000000   Code   RO          116    .ARM.Collect$$$$0000000D  mc_w.l(entry10a.o)
    0x0000027c   0x0000027c   0x00000000   Code   RO          118    .ARM.Collect$$$$0000000F  mc_w.l(entry11a.o)
    0x0000027c   0x0000027c   0x00000004   Code   RO          107    .ARM.Collect$$$$00002712  mc_w.l(entry2.o)
    0x00000280   0x00000280   0x0000007c   Code   RO           10    .text               init_portf.o
    0x000002fc   0x000002fc   0x0000000c   Code   RO           20    .text               leer.o
    0x00000308   0x00000308   0x0000006c   Code   RO           25    .text               init_portb.o
    0x00000374   0x00000374   0x0000007c   Code   RO           30    .text               init_portd.o
    0x000003f0   0x000003f0   0x0000006c   Code   RO           35    .text               init_porte.o
    0x0000045c   0x0000045c   0x000000f4   Code   RO           65    .text               increm.o
    0x00000550   0x00000550   0x000000b8   Code   RO           70    .text               decrem.o
    0x00000608   0x00000608   0x00000134   Code   RO           75    .text               visualizar.o
    0x0000073c   0x0000073c   0x000000fc   Code   RO           83  * .text               startup_tm4c123.o
    0x00000838   0x00000838   0x00000024   Code   RO          120    .text               mc_w.l(init.o)
    0x0000085c   0x0000085c   0x0000010c   Code   RO           94    .text.SystemInit    system_tm4c123.o
    0x00000968   0x00000968   0x0000009a   Code   RO            2    .text.main          main.o
    0x00000a02   0x00000a02   0x0000000e   Code   RO          124    i.__scatterload_copy  mc_w.l(handlers.o)
    0x00000a10   0x00000a10   0x00000002   Code   RO          125    i.__scatterload_null  mc_w.l(handlers.o)
    0x00000a12   0x00000a12   0x0000000e   Code   RO          126    i.__scatterload_zeroinit  mc_w.l(handlers.o)
    0x00000a20   0x00000a20   0x00000010   Data   RO          123    Region$$Table       anon$$obj.o


    Execution Region ER_RW (Exec base: 0x20000000, Load base: 0x00000a30, Size: 0x00000000, Max: 0xffffffff, ABSOLUTE)

    **** No section assigned to this execution region ****


    Execution Region ER_ZI (Exec base: 0x20000000, Load base: 0x00000a30, Size: 0x00000200, Max: 0xffffffff, ABSOLUTE)

    Exec Addr    Load Addr    Size         Type   Attr      Idx    E Section Name        Object

    0x20000000        -       0x00000200   Zero   RW           80    STACK               startup_tm4c123.o


==============================================================================

Image component sizes


      Code (inc. data)   RO Data    RW Data    ZI Data      Debug   Object Name

       184          0          0          0          0        588   decrem.o
       244          0          0          0          0        695   increm.o
       108         32          0          0          0        359   init_portb.o
       124         40          0          0          0        362   init_portd.o
       108         32          0          0          0        361   init_porte.o
       124         40          0          0          0        364   init_portf.o
        12          0          0          0          0        318   leer.o
       154          0          0          0          0        832   main.o
       252         10        620          0        512       5484   startup_tm4c123.o
       268          0          0          0          0       6770   system_tm4c123.o
       308          0          0          0          0        750   visualizar.o

    ----------------------------------------------------------------------
      1886        154        636          0        512      16883   Object Totals
         0          0         16          0          0          0   (incl. Generated)
         0          0          0          0          0          0   (incl. Padding)

    ----------------------------------------------------------------------

      Code (inc. data)   RO Data    RW Data    ZI Data      Debug   Library Member Name

         0          0          0          0          0          0   entry.o
         0          0          0          0          0          0   entry10a.o
         0          0          0          0          0          0   entry11a.o
         8          4          0          0          0          0   entry2.o
         4          0          0          0          0          0   entry5.o
         0          0          0          0          0          0   entry7b.o
         0          0          0          0          0          0   entry8b.o
         8          4          0          0          0          0   entry9a.o
        30          0          0          0          0          0   handlers.o
        36          8          0          0          0         68   init.o

    ----------------------------------------------------------------------
        86         16          0          0          0         68   Library Totals
         0          0          0          0          0          0   (incl. Padding)

    ----------------------------------------------------------------------

      Code (inc. data)   RO Data    RW Data    ZI Data      Debug   Library Name

        86         16          0          0          0         68   mc_w.l

    ----------------------------------------------------------------------
        86         16          0          0          0         68   Library Totals

    ----------------------------------------------------------------------

==============================================================================


      Code (inc. data)   RO Data    RW Data    ZI Data      Debug   

      1972        170        636          0        512      17135   Grand Totals
      1972        170        636          0        512      17135   ELF Image Totals
      1972        170        636          0          0          0   ROM Totals

==============================================================================

    Total RO  Size (Code + RO Data)                 2608 (   2.55kB)
    Total RW  Size (RW Data + ZI Data)               512 (   0.50kB)
    Total ROM Size (Code + RO Data + RW Data)       2608 (   2.55kB)

==============================================================================

