<html>
<body>
<pre>
<h1>µVision Build Log</h1>
<h2>Tool Versions:</h2>
IDE-Version: µVision V5.38.0.0
Copyright (C) 2022 ARM Ltd and ARM Germany GmbH. All rights reserved.
License Information: Dairon Torres, Universidad Pedagogica y Tecnologica de colombia, LIC=----
 
Tool Versions:
Toolchain:       MDK-Lite  Version: 5.38.0.0
Toolchain Path:  C:\Keil_v5\ARM\ARMCLANG\Bin
C Compiler:      ArmClang.exe V6.19
Assembler:       Armasm.exe V6.19
Linker/Locator:  ArmLink.exe V6.19
Library Manager: ArmAr.exe V6.19
Hex Converter:   FromElf.exe V6.19
CPU DLL:         SARMCM3.DLL V5.38.0.0
Dialog DLL:      DCM.DLL V1.17.5.0
Target DLL:      lmidk-agdi.dll V???
Dialog DLL:      TCM.DLL V1.56.4.0
 
<h2>Project:</h2>
C:\Users\Usuario1\Documents\5.UNIVERSIDAD-ELECTRONICA\ASM\ZIIIIIIIIIIIP\AsemblerC-main\AsemblerC-main\Rugby\rugby.uvprojx
Project File Date:  04/04/2023

<h2>Output:</h2>
*** Using Compiler 'V6.19', folder: 'C:\Keil_v5\ARM\ARMCLANG\Bin'
Build target 'Target 1'
main.c(119): warning: incompatible pointer types passing 'volatile unsigned long (*)[4]' to parameter of type 'volatile unsigned long *' [-Wincompatible-pointer-types]
                time(&tiempo,botonT); //LEE CUAL ES EL TIEMPO DEL PARTIDO
                     ^~~~~~~
main.c(19): note: passing argument to parameter 'tiempo' here
extern void time(volatile unsigned long *tiempo,int botonT);
                                         ^
main.c(122): warning: implicit conversion changes signedness: 'int' to 'unsigned long' [-Wsign-conversion]
                Btodo[0]=bStart;
                        ~^~~~~~
main.c(125): warning: incompatible pointer types passing 'volatile unsigned long (*)[4]' to parameter of type 'volatile unsigned long *' [-Wincompatible-pointer-types]
                starTime(&tiempo,&reloj,&Btodo,&relojdos);  //le envia tiempo a reloj 
                         ^~~~~~~
main.c(20): note: passing argument to parameter 'tiempo' here
extern void starTime(volatile unsigned long *tiempo,volatile unsigned long *reloj, volatile unsigned long *Btodo, volatile unsigned long *relojdos);
                                             ^
main.c(125): warning: incompatible pointer types passing 'volatile unsigned long (*)[4]' to parameter of type 'volatile unsigned long *' [-Wincompatible-pointer-types]
                starTime(&tiempo,&reloj,&Btodo,&relojdos);  //le envia tiempo a reloj 
                                 ^~~~~~
main.c(20): note: passing argument to parameter 'reloj' here
extern void starTime(volatile unsigned long *tiempo,volatile unsigned long *reloj, volatile unsigned long *Btodo, volatile unsigned long *relojdos);
                                                                            ^
main.c(125): warning: incompatible pointer types passing 'volatile unsigned long (*)[2]' to parameter of type 'volatile unsigned long *' [-Wincompatible-pointer-types]
                starTime(&tiempo,&reloj,&Btodo,&relojdos);  //le envia tiempo a reloj 
                                        ^~~~~~
main.c(20): note: passing argument to parameter 'Btodo' here
extern void starTime(volatile unsigned long *tiempo,volatile unsigned long *reloj, volatile unsigned long *Btodo, volatile unsigned long *relojdos);
                                                                                                           ^
main.c(125): warning: incompatible pointer types passing 'volatile unsigned long (*)[4]' to parameter of type 'volatile unsigned long *' [-Wincompatible-pointer-types]
                starTime(&tiempo,&reloj,&Btodo,&relojdos);  //le envia tiempo a reloj 
                                               ^~~~~~~~~
main.c(20): note: passing argument to parameter 'relojdos' here
extern void starTime(volatile unsigned long *tiempo,volatile unsigned long *reloj, volatile unsigned long *Btodo, volatile unsigned long *relojdos);
                                                                                                                                          ^
main.c(132): warning: incompatible pointer types passing 'volatile unsigned long (*)[4]' to parameter of type 'volatile unsigned long *' [-Wincompatible-pointer-types]
                finPtiempo(&tiempo,&reloj,&contar,&puntajeEquipos);   //pregunta si ya llego al maximo tiempo para indicar el fin del partido   
                           ^~~~~~~
main.c(23): note: passing argument to parameter 'tiempo' here
extern void finPtiempo(volatile unsigned long *tiempo,volatile unsigned long *reloj,volatile unsigned long *contar,volatile unsigned long *puntajeEqipos);
                                               ^
main.c(132): warning: incompatible pointer types passing 'volatile unsigned long (*)[4]' to parameter of type 'volatile unsigned long *' [-Wincompatible-pointer-types]
                finPtiempo(&tiempo,&reloj,&contar,&puntajeEquipos);   //pregunta si ya llego al maximo tiempo para indicar el fin del partido   
                                   ^~~~~~
main.c(23): note: passing argument to parameter 'reloj' here
extern void finPtiempo(volatile unsigned long *tiempo,volatile unsigned long *reloj,volatile unsigned long *contar,volatile unsigned long *puntajeEqipos);
                                                                              ^
main.c(132): warning: incompatible pointer types passing 'volatile unsigned long (*)[4]' to parameter of type 'volatile unsigned long *' [-Wincompatible-pointer-types]
                finPtiempo(&tiempo,&reloj,&contar,&puntajeEquipos);   //pregunta si ya llego al maximo tiempo para indicar el fin del partido   
                                                  ^~~~~~~~~~~~~~~
main.c(23): note: passing argument to parameter 'puntajeEqipos' here
extern void finPtiempo(volatile unsigned long *tiempo,volatile unsigned long *reloj,volatile unsigned long *contar,volatile unsigned long *puntajeEqipos);
                                                                                                                                           ^
main.c(180): warning: incompatible pointer types passing 'volatile unsigned long (*)[4]' to parameter of type 'volatile unsigned long *' [-Wincompatible-pointer-types]
                starTimeseg(&tiempo,&relojdos,bStart,&contar);  //le envia tiempo a reloj 
                            ^~~~~~~
main.c(21): note: passing argument to parameter 'tiempo' here
extern void starTimeseg(volatile unsigned long *tiempo,volatile unsigned long *reloj,int bStart, volatile unsigned long *contar);
                                                ^
main.c(180): warning: incompatible pointer types passing 'volatile unsigned long (*)[4]' to parameter of type 'volatile unsigned long *' [-Wincompatible-pointer-types]
                starTimeseg(&tiempo,&relojdos,bStart,&contar);  //le envia tiempo a reloj 
                                    ^~~~~~~~~
main.c(21): note: passing argument to parameter 'reloj' here
extern void starTimeseg(volatile unsigned long *tiempo,volatile unsigned long *reloj,int bStart, volatile unsigned long *contar);
                                                                               ^
main.c(187): warning: incompatible pointer types passing 'volatile unsigned long (*)[4]' to parameter of type 'volatile unsigned long *' [-Wincompatible-pointer-types]
                finPartido(&tiempo,&relojdos,&contar,&puntajeEquipos);   //pregunta si ya llego al maximo tiempo para indicar el fin del partido
                           ^~~~~~~
main.c(22): note: passing argument to parameter 'tiempo' here
extern void finPartido(volatile unsigned long *tiempo,volatile unsigned long *reloj,volatile unsigned long *contar,volatile unsigned long *puntajeEqipos);
                                               ^
main.c(187): warning: incompatible pointer types passing 'volatile unsigned long (*)[4]' to parameter of type 'volatile unsigned long *' [-Wincompatible-pointer-types]
                finPartido(&tiempo,&relojdos,&contar,&puntajeEquipos);   //pregunta si ya llego al maximo tiempo para indicar el fin del partido
                                   ^~~~~~~~~
main.c(22): note: passing argument to parameter 'reloj' here
extern void finPartido(volatile unsigned long *tiempo,volatile unsigned long *reloj,volatile unsigned long *contar,volatile unsigned long *puntajeEqipos);
                                                                              ^
main.c(187): warning: incompatible pointer types passing 'volatile unsigned long (*)[4]' to parameter of type 'volatile unsigned long *' [-Wincompatible-pointer-types]
                finPartido(&tiempo,&relojdos,&contar,&puntajeEquipos);   //pregunta si ya llego al maximo tiempo para indicar el fin del partido
                                                     ^~~~~~~~~~~~~~~
main.c(22): note: passing argument to parameter 'puntajeEqipos' here
extern void finPartido(volatile unsigned long *tiempo,volatile unsigned long *reloj,volatile unsigned long *contar,volatile unsigned long *puntajeEqipos);
                                                                                                                                           ^
14 warnings generated.
compiling main.c...
linking...
Program Size: Code=3912 RO-data=636 RW-data=0 ZI-data=512  
".\Objects\rugby.axf" - 0 Error(s), 14 Warning(s).

<h2>Software Packages used:</h2>

Package Vendor: ARM
                http://www.keil.com/pack/ARM.CMSIS.5.9.0.pack
                ARM.CMSIS.5.9.0
                CMSIS (Common Microcontroller Software Interface Standard)
   * Component: CORE Version: 5.6.0

Package Vendor: Keil
                http://www.keil.com/pack/Keil.TM4C_DFP.1.1.0.pack
                Keil.TM4C_DFP.1.1.0
                Texas Instruments Tiva C Series Device Support and Examples
   * Component: Startup Version: 1.0.1

<h2>Collection of Component include folders:</h2>
  ./RTE/_Target_1
  C:/Users/Usuario1/AppData/Local/Arm/Packs/ARM/CMSIS/5.9.0/CMSIS/Core/Include
  C:/Users/Usuario1/AppData/Local/Arm/Packs/Keil/TM4C_DFP/1.1.0/Device/Include/TM4C123

<h2>Collection of Component Files used:</h2>

   * Component: ARM::CMSIS:CORE:5.6.0

   * Component: Keil::Device:Startup:1.0.1
      Include file:  Device/Include/TM4C123/TM4C123.h
      Source file:   Device/Source/system_TM4C123.c
      Source file:   Device/Source/ARM/startup_TM4C123.s
Build Time Elapsed:  00:00:00
</pre>
</body>
</html>
