Component: Arm Compiler for Embedded 6.19 Tool: armlink [5e73cb00]

==============================================================================

Section Cross References

    main.o(.text.main) refers to init_porta.o(.text) for init_PORTA
    main.o(.text.main) refers to init_portb.o(.text) for init_PORTB
    main.o(.text.main) refers to init_porte.o(.text) for init_PORTE
    main.o(.text.main) refers to init_portd.o(.text) for init_PORTD
    main.o(.text.main) refers to init_portf.o(.text) for init_PORTF
    main.o(.text.main) refers to display.o(.text) for display
    main.o(.text.main) refers to visuno.o(.text) for visUNO
    main.o(.text.main) refers to delay_ms.o(.text) for delay_ms
    main.o(.text.main) refers to visdos.o(.text) for visDOS
    main.o(.text.main) refers to vistres.o(.text) for visTRES
    main.o(.text.main) refers to viscuatro.o(.text) for visCUATRO
    main.o(.text.main) refers to viscinco.o(.text) for visCINCO
    main.o(.text.main) refers to visseis.o(.text) for visSEIS
    main.o(.text.main) refers to vissiete.o(.text) for visSIETE
    main.o(.text.main) refers to visocho.o(.text) for visOCHO
    main.o(.text.main) refers to visnueve.o(.text) for visNUEVE
    main.o(.text.main) refers to botonespuntos.o(.text) for botonesPuntos
    main.o(.text.main) refers to tema.o(.text) for temA
    main.o(.text.main) refers to temb.o(.text) for temB
    main.o(.text.main) refers to botonestime.o(.text) for botonesTime
    main.o(.text.main) refers to time.o(.text) for time
    main.o(.text.main) refers to botonstart.o(.text) for botonStart
    main.o(.text.main) refers to startime.o(.text) for starTime
    main.o(.text.main) refers to finptiempo.o(.text) for finPtiempo
    main.o(.text.main) refers to incre_tiemp.o(.text) for incre_tiemp
    main.o(.text.main) refers to startimeseg.o(.text) for starTimeseg
    main.o(.text.main) refers to finpartido.o(.text) for finPartido
    main.o(.ARM.exidx.text.main) refers to main.o(.text.main) for [Anonymous Symbol]
    startup_tm4c123.o(RESET) refers to startup_tm4c123.o(STACK) for __initial_sp
    startup_tm4c123.o(RESET) refers to startup_tm4c123.o(.text) for Reset_Handler
    startup_tm4c123.o(.text) refers to system_tm4c123.o(.text.SystemInit) for SystemInit
    startup_tm4c123.o(.text) refers to entry.o(.ARM.Collect$$$$00000000) for __main
    system_tm4c123.o(.text.SystemCoreClockUpdate) refers to system_tm4c123.o(.text.getOscClk) for getOscClk
    system_tm4c123.o(.text.SystemCoreClockUpdate) refers to system_tm4c123.o(.data.SystemCoreClock) for SystemCoreClock
    system_tm4c123.o(.ARM.exidx.text.SystemCoreClockUpdate) refers to system_tm4c123.o(.text.SystemCoreClockUpdate) for [Anonymous Symbol]
    system_tm4c123.o(.ARM.exidx.text.getOscClk) refers to system_tm4c123.o(.text.getOscClk) for [Anonymous Symbol]
    system_tm4c123.o(.ARM.exidx.text.SystemInit) refers to system_tm4c123.o(.text.SystemInit) for [Anonymous Symbol]
    entry.o(.ARM.Collect$$$$00000000) refers (Special) to entry10a.o(.ARM.Collect$$$$0000000D) for __rt_final_cpp
    entry.o(.ARM.Collect$$$$00000000) refers (Special) to entry11a.o(.ARM.Collect$$$$0000000F) for __rt_final_exit
    entry.o(.ARM.Collect$$$$00000000) refers (Special) to entry7b.o(.ARM.Collect$$$$00000008) for _main_clock
    entry.o(.ARM.Collect$$$$00000000) refers (Special) to entry8b.o(.ARM.Collect$$$$0000000A) for _main_cpp_init
    entry.o(.ARM.Collect$$$$00000000) refers (Special) to entry9a.o(.ARM.Collect$$$$0000000B) for _main_init
    entry.o(.ARM.Collect$$$$00000000) refers (Special) to entry5.o(.ARM.Collect$$$$00000004) for _main_scatterload
    entry.o(.ARM.Collect$$$$00000000) refers (Special) to entry2.o(.ARM.Collect$$$$00000001) for _main_stk
    entry2.o(.ARM.Collect$$$$00000001) refers to entry2.o(.ARM.Collect$$$$00002712) for __lit__00000000
    entry2.o(.ARM.Collect$$$$00002712) refers to startup_tm4c123.o(STACK) for __initial_sp
    entry2.o(__vectab_stack_and_reset_area) refers to startup_tm4c123.o(STACK) for __initial_sp
    entry2.o(__vectab_stack_and_reset_area) refers to entry.o(.ARM.Collect$$$$00000000) for __main
    entry5.o(.ARM.Collect$$$$00000004) refers to init.o(.text) for __scatterload
    entry9a.o(.ARM.Collect$$$$0000000B) refers to main.o(.text.main) for main
    entry9b.o(.ARM.Collect$$$$0000000C) refers to main.o(.text.main) for main
    init.o(.text) refers to entry5.o(.ARM.Collect$$$$00000004) for __main_after_scatterload


==============================================================================

Removing Unused input sections from the image.

    Removing main.o(.text), (0 bytes).
    Removing main.o(.ARM.exidx.text.main), (8 bytes).
    Removing main.o(.ARM.use_no_argv), (4 bytes).
    Removing init_portc.o(.text), (108 bytes).
    Removing startup_tm4c123.o(HEAP), (0 bytes).
    Removing system_tm4c123.o(.text), (0 bytes).
    Removing system_tm4c123.o(.text.SystemCoreClockUpdate), (326 bytes).
    Removing system_tm4c123.o(.ARM.exidx.text.SystemCoreClockUpdate), (8 bytes).
    Removing system_tm4c123.o(.text.getOscClk), (360 bytes).
    Removing system_tm4c123.o(.ARM.exidx.text.getOscClk), (8 bytes).
    Removing system_tm4c123.o(.ARM.exidx.text.SystemInit), (8 bytes).
    Removing system_tm4c123.o(.data.SystemCoreClock), (4 bytes).

12 unused section(s) (total 834 bytes) removed from the image.

==============================================================================

Image Symbol Table

    Local Symbols

    Symbol Name                              Value     Ov Type        Size  Object(Section)

    ../clib/microlib/init/entry.s            0x00000000   Number         0  entry.o ABSOLUTE
    ../clib/microlib/init/entry.s            0x00000000   Number         0  entry2.o ABSOLUTE
    ../clib/microlib/init/entry.s            0x00000000   Number         0  entry5.o ABSOLUTE
    ../clib/microlib/init/entry.s            0x00000000   Number         0  entry7a.o ABSOLUTE
    ../clib/microlib/init/entry.s            0x00000000   Number         0  entry7b.o ABSOLUTE
    ../clib/microlib/init/entry.s            0x00000000   Number         0  entry8a.o ABSOLUTE
    ../clib/microlib/init/entry.s            0x00000000   Number         0  entry8b.o ABSOLUTE
    ../clib/microlib/init/entry.s            0x00000000   Number         0  entry9a.o ABSOLUTE
    ../clib/microlib/init/entry.s            0x00000000   Number         0  entry9b.o ABSOLUTE
    ../clib/microlib/init/entry.s            0x00000000   Number         0  entry10a.o ABSOLUTE
    ../clib/microlib/init/entry.s            0x00000000   Number         0  entry10b.o ABSOLUTE
    ../clib/microlib/init/entry.s            0x00000000   Number         0  entry11a.o ABSOLUTE
    ../clib/microlib/init/entry.s            0x00000000   Number         0  entry11b.o ABSOLUTE
    RTE/Device/TM4C123GH6PM/startup_TM4C123.s 0x00000000   Number         0  startup_tm4c123.o ABSOLUTE
    dc.s                                     0x00000000   Number         0  dc.o ABSOLUTE
    handlers.s                               0x00000000   Number         0  handlers.o ABSOLUTE
    init.s                                   0x00000000   Number         0  init.o ABSOLUTE
    main.c                                   0x00000000   Number         0  main.o ABSOLUTE
    system_TM4C123.c                         0x00000000   Number         0  system_tm4c123.o ABSOLUTE
    tm4c123gh6pm.s                           0x00000000   Number         0  tm4c123gh6pm.o ABSOLUTE
    RESET                                    0x00000000   Section      620  startup_tm4c123.o(RESET)
    .ARM.Collect$$$$00000000                 0x0000026c   Section        0  entry.o(.ARM.Collect$$$$00000000)
    .ARM.Collect$$$$00000001                 0x0000026c   Section        4  entry2.o(.ARM.Collect$$$$00000001)
    .ARM.Collect$$$$00000004                 0x00000270   Section        4  entry5.o(.ARM.Collect$$$$00000004)
    .ARM.Collect$$$$00000008                 0x00000274   Section        0  entry7b.o(.ARM.Collect$$$$00000008)
    .ARM.Collect$$$$0000000A                 0x00000274   Section        0  entry8b.o(.ARM.Collect$$$$0000000A)
    .ARM.Collect$$$$0000000B                 0x00000274   Section        8  entry9a.o(.ARM.Collect$$$$0000000B)
    __lit__00000000                          0x0000027c   Data           4  entry2.o(.ARM.Collect$$$$00002712)
    .ARM.Collect$$$$0000000D                 0x0000027c   Section        0  entry10a.o(.ARM.Collect$$$$0000000D)
    .ARM.Collect$$$$0000000F                 0x0000027c   Section        0  entry11a.o(.ARM.Collect$$$$0000000F)
    .ARM.Collect$$$$00002712                 0x0000027c   Section        4  entry2.o(.ARM.Collect$$$$00002712)
    [Anonymous Symbol]                       0x00000280   Section        0  init_portb.o(.text)
    [Anonymous Symbol]                       0x000002ec   Section        0  init_portd.o(.text)
    [Anonymous Symbol]                       0x00000368   Section        0  init_porte.o(.text)
    [Anonymous Symbol]                       0x000003d4   Section        0  init_portf.o(.text)
    [Anonymous Symbol]                       0x00000450   Section        0  init_porta.o(.text)
    [Anonymous Symbol]                       0x000004bc   Section        0  display.o(.text)
    DISP                                     0x000004be   Number         0  display.o(.text)
    SEG0                                     0x000004fc   Number         0  display.o(.text)
    SEG1                                     0x00000506   Number         0  display.o(.text)
    SEG2                                     0x00000510   Number         0  display.o(.text)
    SEG3                                     0x0000051a   Number         0  display.o(.text)
    SEG4                                     0x00000524   Number         0  display.o(.text)
    SEG5                                     0x0000052e   Number         0  display.o(.text)
    SEG6                                     0x00000538   Number         0  display.o(.text)
    SEG7                                     0x00000542   Number         0  display.o(.text)
    SEG8                                     0x0000054c   Number         0  display.o(.text)
    SEG9                                     0x00000556   Number         0  display.o(.text)
    SEG10                                    0x00000560   Number         0  display.o(.text)
    SEG11                                    0x0000056a   Number         0  display.o(.text)
    SEG12                                    0x00000574   Number         0  display.o(.text)
    FIN                                      0x0000057e   Number         0  display.o(.text)
    [Anonymous Symbol]                       0x00000580   Section        0  viscuatro.o(.text)
    [Anonymous Symbol]                       0x00000590   Section        0  visdos.o(.text)
    [Anonymous Symbol]                       0x000005a0   Section        0  vistres.o(.text)
    [Anonymous Symbol]                       0x000005b0   Section        0  visuno.o(.text)
    [Anonymous Symbol]                       0x000005c8   Section        0  viscinco.o(.text)
    [Anonymous Symbol]                       0x000005e0   Section        0  delay_ms.o(.text)
    DELAY                                    0x000005e2   Number         0  delay_ms.o(.text)
    LOOP_MS                                  0x000005ec   Number         0  delay_ms.o(.text)
    [Anonymous Symbol]                       0x000005f4   Section        0  visocho.o(.text)
    [Anonymous Symbol]                       0x00000604   Section        0  visseis.o(.text)
    [Anonymous Symbol]                       0x00000614   Section        0  vissiete.o(.text)
    [Anonymous Symbol]                       0x00000624   Section        0  botonespuntos.o(.text)
    [Anonymous Symbol]                       0x00000630   Section        0  tema.o(.text)
    TRYA                                     0x00000640   Number         0  tema.o(.text)
    INCREME_DEC                              0x0000066c   Number         0  tema.o(.text)
    CONVERSION                               0x00000682   Number         0  tema.o(.text)
    INCREME_DEC2                             0x0000069c   Number         0  tema.o(.text)
    PENAL                                    0x000006b2   Number         0  tema.o(.text)
    INCREME_DEC3                             0x000006d2   Number         0  tema.o(.text)
    FIN                                      0x000006e8   Number         0  tema.o(.text)
    [Anonymous Symbol]                       0x000006ec   Section        0  temb.o(.text)
    TRYB                                     0x000006fc   Number         0  temb.o(.text)
    INCREME_DEC                              0x00000728   Number         0  temb.o(.text)
    CONVERSION                               0x0000073e   Number         0  temb.o(.text)
    INCREME_DEC2                             0x00000758   Number         0  temb.o(.text)
    PENAL                                    0x0000076e   Number         0  temb.o(.text)
    INCREME_DEC3                             0x0000078e   Number         0  temb.o(.text)
    FIN                                      0x000007a4   Number         0  temb.o(.text)
    [Anonymous Symbol]                       0x000007a8   Section        0  botonestime.o(.text)
    [Anonymous Symbol]                       0x000007b4   Section        0  time.o(.text)
    SUMUNI                                   0x000007c8   Number         0  time.o(.text)
    RESETUNI                                 0x000007dc   Number         0  time.o(.text)
    SUMDEC                                   0x000007e6   Number         0  time.o(.text)
    RESETDEC                                 0x000007fa   Number         0  time.o(.text)
    SUMDECSEG                                0x00000804   Number         0  time.o(.text)
    RESETDECSEG                              0x00000818   Number         0  time.o(.text)
    SUMUNISEG                                0x00000822   Number         0  time.o(.text)
    RESETUNISEG                              0x00000836   Number         0  time.o(.text)
    FIN                                      0x00000840   Number         0  time.o(.text)
    [Anonymous Symbol]                       0x00000844   Section        0  botonstart.o(.text)
    [Anonymous Symbol]                       0x00000850   Section        0  startime.o(.text)
    NEXT                                     0x0000085c   Number         0  startime.o(.text)
    CARGAP1                                  0x0000086c   Number         0  startime.o(.text)
    CARGAP2                                  0x000008e6   Number         0  startime.o(.text)
    INCREMENTAR                              0x000008f2   Number         0  startime.o(.text)
    CONTINUAR                                0x000008fc   Number         0  startime.o(.text)
    RESET_USEG                               0x00000902   Number         0  startime.o(.text)
    RESET_UMIN                               0x0000091a   Number         0  startime.o(.text)
    RESET_DMIN                               0x00000932   Number         0  startime.o(.text)
    REIN_TOTAL                               0x0000094c   Number         0  startime.o(.text)
    STOP                                     0x00000974   Number         0  startime.o(.text)
    FIN                                      0x00000976   Number         0  startime.o(.text)
    [Anonymous Symbol]                       0x00000978   Section        0  finpartido.o(.text)
    INCREMENTAR                              0x00000986   Number         0  finpartido.o(.text)
    CONTINUAR                                0x00000988   Number         0  finpartido.o(.text)
    STOP                                     0x0000098a   Number         0  finpartido.o(.text)
    COMP                                     0x0000098c   Number         0  finpartido.o(.text)
    COMP_UMIN                                0x000009b2   Number         0  finpartido.o(.text)
    COMP_DSEG                                0x000009b8   Number         0  finpartido.o(.text)
    COMP_USEG                                0x000009be   Number         0  finpartido.o(.text)
    FIN_PARTIDO                              0x000009c4   Number         0  finpartido.o(.text)
    IGUALES                                  0x000009e8   Number         0  finpartido.o(.text)
    B_MAYOR                                  0x00000a1a   Number         0  finpartido.o(.text)
    A_MAYOR                                  0x00000a4c   Number         0  finpartido.o(.text)
    FIN                                      0x00000a7e   Number         0  finpartido.o(.text)
    [Anonymous Symbol]                       0x00000a80   Section        0  visnueve.o(.text)
    [Anonymous Symbol]                       0x00000a98   Section        0  finptiempo.o(.text)
    INCREMENTAR                              0x00000aa6   Number         0  finptiempo.o(.text)
    CONTINUAR                                0x00000aa8   Number         0  finptiempo.o(.text)
    STOP                                     0x00000aaa   Number         0  finptiempo.o(.text)
    COMP                                     0x00000aac   Number         0  finptiempo.o(.text)
    COMP_UMIN                                0x00000ad2   Number         0  finptiempo.o(.text)
    COMP_DSEG                                0x00000ad8   Number         0  finptiempo.o(.text)
    COMP_USEG                                0x00000ade   Number         0  finptiempo.o(.text)
    FIN_PARTIDO                              0x00000ae4   Number         0  finptiempo.o(.text)
    FIN                                      0x00000b14   Number         0  finptiempo.o(.text)
    [Anonymous Symbol]                       0x00000b18   Section        0  startimeseg.o(.text)
    NEXT                                     0x00000b22   Number         0  startimeseg.o(.text)
    CARGAP1                                  0x00000b2e   Number         0  startimeseg.o(.text)
    CARGAP2                                  0x00000b7c   Number         0  startimeseg.o(.text)
    INCREMENTAR                              0x00000b86   Number         0  startimeseg.o(.text)
    CONTINUAR                                0x00000b90   Number         0  startimeseg.o(.text)
    RESET_USEG                               0x00000b96   Number         0  startimeseg.o(.text)
    RESET_UMIN                               0x00000bae   Number         0  startimeseg.o(.text)
    RESET_DMIN                               0x00000bc6   Number         0  startimeseg.o(.text)
    REIN_TOTAL                               0x00000be0   Number         0  startimeseg.o(.text)
    STOP                                     0x00000c08   Number         0  startimeseg.o(.text)
    FIN                                      0x00000c0a   Number         0  startimeseg.o(.text)
    [Anonymous Symbol]                       0x00000c0c   Section        0  incre_tiemp.o(.text)
    NEXT                                     0x00000c16   Number         0  incre_tiemp.o(.text)
    CARGAP1                                  0x00000c22   Number         0  incre_tiemp.o(.text)
    CARGAP2                                  0x00000c70   Number         0  incre_tiemp.o(.text)
    INCREMENTAR                              0x00000c7a   Number         0  incre_tiemp.o(.text)
    CONTINUAR                                0x00000c84   Number         0  incre_tiemp.o(.text)
    RESET_USEG                               0x00000c8a   Number         0  incre_tiemp.o(.text)
    RESET_UMIN                               0x00000ca2   Number         0  incre_tiemp.o(.text)
    RESET_DMIN                               0x00000cba   Number         0  incre_tiemp.o(.text)
    REIN_TOTAL                               0x00000cd4   Number         0  incre_tiemp.o(.text)
    STOP                                     0x00000cfc   Number         0  incre_tiemp.o(.text)
    FIN                                      0x00000cfe   Number         0  incre_tiemp.o(.text)
    $v0                                      0x00000d00   Number         0  startup_tm4c123.o(.text)
    .text                                    0x00000d00   Section      252  startup_tm4c123.o(.text)
    .text                                    0x00000dfc   Section       36  init.o(.text)
    [Anonymous Symbol]                       0x00000e20   Section        0  system_tm4c123.o(.text.SystemInit)
    [Anonymous Symbol]                       0x00000f2c   Section        0  main.o(.text.main)
    i.__scatterload_copy                     0x000013de   Section       14  handlers.o(i.__scatterload_copy)
    i.__scatterload_null                     0x000013ec   Section        2  handlers.o(i.__scatterload_null)
    i.__scatterload_zeroinit                 0x000013ee   Section       14  handlers.o(i.__scatterload_zeroinit)
    STACK                                    0x20000000   Section      512  startup_tm4c123.o(STACK)

    Global Symbols

    Symbol Name                              Value     Ov Type        Size  Object(Section)

    BuildAttributes$$THM_ISAv4$E$P$D$K$B$S$7EM$VFPi3$EXTD16$VFPS$VFMA$PE$A:L22UL41UL21$X:L11$S22US41US21$IEEE1$IW$~IW$USESV6$~STKCKD$USESV7$~SHL$OSPACE$EBA8$MICROLIB$REQ8$EABIv2 0x00000000   Number         0  anon$$obj.o ABSOLUTE
    __Vectors                                0x00000000   Data           4  startup_tm4c123.o(RESET)
    __cpp_initialize__aeabi_                  - Undefined Weak Reference
    __cxa_finalize                            - Undefined Weak Reference
    __decompress                              - Undefined Weak Reference
    _clock_init                               - Undefined Weak Reference
    _microlib_exit                            - Undefined Weak Reference
    __Vectors_End                            0x0000026c   Data           0  startup_tm4c123.o(RESET)
    __Vectors_Size                           0x0000026c   Number         0  startup_tm4c123.o ABSOLUTE
    __main                                   0x0000026d   Thumb Code     0  entry.o(.ARM.Collect$$$$00000000)
    _main_stk                                0x0000026d   Thumb Code     0  entry2.o(.ARM.Collect$$$$00000001)
    _main_scatterload                        0x00000271   Thumb Code     0  entry5.o(.ARM.Collect$$$$00000004)
    __main_after_scatterload                 0x00000275   Thumb Code     0  entry5.o(.ARM.Collect$$$$00000004)
    _main_clock                              0x00000275   Thumb Code     0  entry7b.o(.ARM.Collect$$$$00000008)
    _main_cpp_init                           0x00000275   Thumb Code     0  entry8b.o(.ARM.Collect$$$$0000000A)
    _main_init                               0x00000275   Thumb Code     0  entry9a.o(.ARM.Collect$$$$0000000B)
    __rt_final_cpp                           0x0000027d   Thumb Code     0  entry10a.o(.ARM.Collect$$$$0000000D)
    __rt_final_exit                          0x0000027d   Thumb Code     0  entry11a.o(.ARM.Collect$$$$0000000F)
    init_PORTB                               0x00000281   Thumb Code     0  init_portb.o(.text)
    init_PORTD                               0x000002ed   Thumb Code     0  init_portd.o(.text)
    init_PORTE                               0x00000369   Thumb Code     0  init_porte.o(.text)
    init_PORTF                               0x000003d5   Thumb Code     0  init_portf.o(.text)
    init_PORTA                               0x00000451   Thumb Code     0  init_porta.o(.text)
    display                                  0x000004bd   Thumb Code     0  display.o(.text)
    visCUATRO                                0x00000581   Thumb Code     0  viscuatro.o(.text)
    visDOS                                   0x00000591   Thumb Code     0  visdos.o(.text)
    visTRES                                  0x000005a1   Thumb Code     0  vistres.o(.text)
    visUNO                                   0x000005b1   Thumb Code     0  visuno.o(.text)
    visCINCO                                 0x000005c9   Thumb Code     0  viscinco.o(.text)
    delay_ms                                 0x000005e1   Thumb Code     0  delay_ms.o(.text)
    visOCHO                                  0x000005f5   Thumb Code     0  visocho.o(.text)
    visSEIS                                  0x00000605   Thumb Code     0  visseis.o(.text)
    visSIETE                                 0x00000615   Thumb Code     0  vissiete.o(.text)
    botonesPuntos                            0x00000625   Thumb Code     0  botonespuntos.o(.text)
    temA                                     0x00000631   Thumb Code     0  tema.o(.text)
    temB                                     0x000006ed   Thumb Code     0  temb.o(.text)
    botonesTime                              0x000007a9   Thumb Code     0  botonestime.o(.text)
    time                                     0x000007b5   Thumb Code     0  time.o(.text)
    botonStart                               0x00000845   Thumb Code     0  botonstart.o(.text)
    starTime                                 0x00000851   Thumb Code     0  startime.o(.text)
    finPartido                               0x00000979   Thumb Code     0  finpartido.o(.text)
    visNUEVE                                 0x00000a81   Thumb Code     0  visnueve.o(.text)
    finPtiempo                               0x00000a99   Thumb Code     0  finptiempo.o(.text)
    starTimeseg                              0x00000b19   Thumb Code     0  startimeseg.o(.text)
    incre_tiemp                              0x00000c0d   Thumb Code     0  incre_tiemp.o(.text)
    Reset_Handler                            0x00000d01   Thumb Code     8  startup_tm4c123.o(.text)
    NMI_Handler                              0x00000d09   Thumb Code     2  startup_tm4c123.o(.text)
    HardFault_Handler                        0x00000d0b   Thumb Code     2  startup_tm4c123.o(.text)
    MemManage_Handler                        0x00000d0d   Thumb Code     2  startup_tm4c123.o(.text)
    BusFault_Handler                         0x00000d0f   Thumb Code     2  startup_tm4c123.o(.text)
    UsageFault_Handler                       0x00000d11   Thumb Code     2  startup_tm4c123.o(.text)
    SVC_Handler                              0x00000d13   Thumb Code     2  startup_tm4c123.o(.text)
    DebugMon_Handler                         0x00000d15   Thumb Code     2  startup_tm4c123.o(.text)
    PendSV_Handler                           0x00000d17   Thumb Code     2  startup_tm4c123.o(.text)
    SysTick_Handler                          0x00000d19   Thumb Code     2  startup_tm4c123.o(.text)
    GPIOA_Handler                            0x00000d1b   Thumb Code     2  startup_tm4c123.o(.text)
    GPIOB_Handler                            0x00000d1d   Thumb Code     2  startup_tm4c123.o(.text)
    GPIOC_Handler                            0x00000d1f   Thumb Code     2  startup_tm4c123.o(.text)
    GPIOD_Handler                            0x00000d21   Thumb Code     2  startup_tm4c123.o(.text)
    GPIOE_Handler                            0x00000d23   Thumb Code     2  startup_tm4c123.o(.text)
    UART0_Handler                            0x00000d25   Thumb Code     2  startup_tm4c123.o(.text)
    UART1_Handler                            0x00000d27   Thumb Code     2  startup_tm4c123.o(.text)
    SSI0_Handler                             0x00000d29   Thumb Code     2  startup_tm4c123.o(.text)
    I2C0_Handler                             0x00000d2b   Thumb Code     2  startup_tm4c123.o(.text)
    PMW0_FAULT_Handler                       0x00000d2d   Thumb Code     2  startup_tm4c123.o(.text)
    PWM0_0_Handler                           0x00000d2f   Thumb Code     2  startup_tm4c123.o(.text)
    PWM0_1_Handler                           0x00000d31   Thumb Code     2  startup_tm4c123.o(.text)
    PWM0_2_Handler                           0x00000d33   Thumb Code     2  startup_tm4c123.o(.text)
    QEI0_Handler                             0x00000d35   Thumb Code     2  startup_tm4c123.o(.text)
    ADC0SS0_Handler                          0x00000d37   Thumb Code     2  startup_tm4c123.o(.text)
    ADC0SS1_Handler                          0x00000d39   Thumb Code     2  startup_tm4c123.o(.text)
    ADC0SS2_Handler                          0x00000d3b   Thumb Code     2  startup_tm4c123.o(.text)
    ADC0SS3_Handler                          0x00000d3d   Thumb Code     2  startup_tm4c123.o(.text)
    WDT0_Handler                             0x00000d3f   Thumb Code     2  startup_tm4c123.o(.text)
    TIMER0A_Handler                          0x00000d41   Thumb Code     2  startup_tm4c123.o(.text)
    TIMER0B_Handler                          0x00000d43   Thumb Code     2  startup_tm4c123.o(.text)
    TIMER1A_Handler                          0x00000d45   Thumb Code     2  startup_tm4c123.o(.text)
    TIMER1B_Handler                          0x00000d47   Thumb Code     2  startup_tm4c123.o(.text)
    TIMER2A_Handler                          0x00000d49   Thumb Code     2  startup_tm4c123.o(.text)
    TIMER2B_Handler                          0x00000d4b   Thumb Code     2  startup_tm4c123.o(.text)
    COMP0_Handler                            0x00000d4d   Thumb Code     2  startup_tm4c123.o(.text)
    COMP1_Handler                            0x00000d4f   Thumb Code     2  startup_tm4c123.o(.text)
    COMP2_Handler                            0x00000d51   Thumb Code     2  startup_tm4c123.o(.text)
    SYSCTL_Handler                           0x00000d53   Thumb Code     2  startup_tm4c123.o(.text)
    FLASH_Handler                            0x00000d55   Thumb Code     2  startup_tm4c123.o(.text)
    GPIOF_Handler                            0x00000d57   Thumb Code     2  startup_tm4c123.o(.text)
    GPIOG_Handler                            0x00000d59   Thumb Code     2  startup_tm4c123.o(.text)
    GPIOH_Handler                            0x00000d5b   Thumb Code     2  startup_tm4c123.o(.text)
    UART2_Handler                            0x00000d5d   Thumb Code     2  startup_tm4c123.o(.text)
    SSI1_Handler                             0x00000d5f   Thumb Code     2  startup_tm4c123.o(.text)
    TIMER3A_Handler                          0x00000d61   Thumb Code     2  startup_tm4c123.o(.text)
    TIMER3B_Handler                          0x00000d63   Thumb Code     2  startup_tm4c123.o(.text)
    I2C1_Handler                             0x00000d65   Thumb Code     2  startup_tm4c123.o(.text)
    QEI1_Handler                             0x00000d67   Thumb Code     2  startup_tm4c123.o(.text)
    CAN0_Handler                             0x00000d69   Thumb Code     2  startup_tm4c123.o(.text)
    CAN1_Handler                             0x00000d6b   Thumb Code     2  startup_tm4c123.o(.text)
    CAN2_Handler                             0x00000d6d   Thumb Code     2  startup_tm4c123.o(.text)
    HIB_Handler                              0x00000d6f   Thumb Code     2  startup_tm4c123.o(.text)
    USB0_Handler                             0x00000d71   Thumb Code     2  startup_tm4c123.o(.text)
    PWM0_3_Handler                           0x00000d73   Thumb Code     2  startup_tm4c123.o(.text)
    UDMA_Handler                             0x00000d75   Thumb Code     2  startup_tm4c123.o(.text)
    UDMAERR_Handler                          0x00000d77   Thumb Code     2  startup_tm4c123.o(.text)
    ADC1SS0_Handler                          0x00000d79   Thumb Code     2  startup_tm4c123.o(.text)
    ADC1SS1_Handler                          0x00000d7b   Thumb Code     2  startup_tm4c123.o(.text)
    ADC1SS2_Handler                          0x00000d7d   Thumb Code     2  startup_tm4c123.o(.text)
    ADC1SS3_Handler                          0x00000d7f   Thumb Code     2  startup_tm4c123.o(.text)
    GPIOJ_Handler                            0x00000d81   Thumb Code     2  startup_tm4c123.o(.text)
    GPIOK_Handler                            0x00000d83   Thumb Code     2  startup_tm4c123.o(.text)
    GPIOL_Handler                            0x00000d85   Thumb Code     2  startup_tm4c123.o(.text)
    SSI2_Handler                             0x00000d87   Thumb Code     2  startup_tm4c123.o(.text)
    SSI3_Handler                             0x00000d89   Thumb Code     2  startup_tm4c123.o(.text)
    UART3_Handler                            0x00000d8b   Thumb Code     2  startup_tm4c123.o(.text)
    UART4_Handler                            0x00000d8d   Thumb Code     2  startup_tm4c123.o(.text)
    UART5_Handler                            0x00000d8f   Thumb Code     2  startup_tm4c123.o(.text)
    UART6_Handler                            0x00000d91   Thumb Code     2  startup_tm4c123.o(.text)
    UART7_Handler                            0x00000d93   Thumb Code     2  startup_tm4c123.o(.text)
    I2C2_Handler                             0x00000d95   Thumb Code     2  startup_tm4c123.o(.text)
    I2C3_Handler                             0x00000d97   Thumb Code     2  startup_tm4c123.o(.text)
    TIMER4A_Handler                          0x00000d99   Thumb Code     2  startup_tm4c123.o(.text)
    TIMER4B_Handler                          0x00000d9b   Thumb Code     2  startup_tm4c123.o(.text)
    TIMER5A_Handler                          0x00000d9d   Thumb Code     2  startup_tm4c123.o(.text)
    TIMER5B_Handler                          0x00000d9f   Thumb Code     2  startup_tm4c123.o(.text)
    WTIMER0A_Handler                         0x00000da1   Thumb Code     2  startup_tm4c123.o(.text)
    WTIMER0B_Handler                         0x00000da3   Thumb Code     2  startup_tm4c123.o(.text)
    WTIMER1A_Handler                         0x00000da5   Thumb Code     2  startup_tm4c123.o(.text)
    WTIMER1B_Handler                         0x00000da7   Thumb Code     2  startup_tm4c123.o(.text)
    WTIMER2A_Handler                         0x00000da9   Thumb Code     2  startup_tm4c123.o(.text)
    WTIMER2B_Handler                         0x00000dab   Thumb Code     2  startup_tm4c123.o(.text)
    WTIMER3A_Handler                         0x00000dad   Thumb Code     2  startup_tm4c123.o(.text)
    WTIMER3B_Handler                         0x00000daf   Thumb Code     2  startup_tm4c123.o(.text)
    WTIMER4A_Handler                         0x00000db1   Thumb Code     2  startup_tm4c123.o(.text)
    WTIMER4B_Handler                         0x00000db3   Thumb Code     2  startup_tm4c123.o(.text)
    WTIMER5A_Handler                         0x00000db5   Thumb Code     2  startup_tm4c123.o(.text)
    WTIMER5B_Handler                         0x00000db7   Thumb Code     2  startup_tm4c123.o(.text)
    FPU_Handler                              0x00000db9   Thumb Code     2  startup_tm4c123.o(.text)
    I2C4_Handler                             0x00000dbb   Thumb Code     2  startup_tm4c123.o(.text)
    I2C5_Handler                             0x00000dbd   Thumb Code     2  startup_tm4c123.o(.text)
    GPIOM_Handler                            0x00000dbf   Thumb Code     2  startup_tm4c123.o(.text)
    GPION_Handler                            0x00000dc1   Thumb Code     2  startup_tm4c123.o(.text)
    QEI2_Handler                             0x00000dc3   Thumb Code     2  startup_tm4c123.o(.text)
    GPIOP0_Handler                           0x00000dc5   Thumb Code     2  startup_tm4c123.o(.text)
    GPIOP1_Handler                           0x00000dc7   Thumb Code     2  startup_tm4c123.o(.text)
    GPIOP2_Handler                           0x00000dc9   Thumb Code     2  startup_tm4c123.o(.text)
    GPIOP3_Handler                           0x00000dcb   Thumb Code     2  startup_tm4c123.o(.text)
    GPIOP4_Handler                           0x00000dcd   Thumb Code     2  startup_tm4c123.o(.text)
    GPIOP5_Handler                           0x00000dcf   Thumb Code     2  startup_tm4c123.o(.text)
    GPIOP6_Handler                           0x00000dd1   Thumb Code     2  startup_tm4c123.o(.text)
    GPIOP7_Handler                           0x00000dd3   Thumb Code     2  startup_tm4c123.o(.text)
    GPIOQ0_Handler                           0x00000dd5   Thumb Code     2  startup_tm4c123.o(.text)
    GPIOQ1_Handler                           0x00000dd7   Thumb Code     2  startup_tm4c123.o(.text)
    GPIOQ2_Handler                           0x00000dd9   Thumb Code     2  startup_tm4c123.o(.text)
    GPIOQ3_Handler                           0x00000ddb   Thumb Code     2  startup_tm4c123.o(.text)
    GPIOQ4_Handler                           0x00000ddd   Thumb Code     2  startup_tm4c123.o(.text)
    GPIOQ5_Handler                           0x00000ddf   Thumb Code     2  startup_tm4c123.o(.text)
    GPIOQ6_Handler                           0x00000de1   Thumb Code     2  startup_tm4c123.o(.text)
    GPIOQ7_Handler                           0x00000de3   Thumb Code     2  startup_tm4c123.o(.text)
    GPIOR_Handler                            0x00000de5   Thumb Code     2  startup_tm4c123.o(.text)
    GPIOS_Handler                            0x00000de7   Thumb Code     2  startup_tm4c123.o(.text)
    PMW1_0_Handler                           0x00000de9   Thumb Code     2  startup_tm4c123.o(.text)
    PWM1_1_Handler                           0x00000deb   Thumb Code     2  startup_tm4c123.o(.text)
    PWM1_2_Handler                           0x00000ded   Thumb Code     2  startup_tm4c123.o(.text)
    PWM1_3_Handler                           0x00000def   Thumb Code     2  startup_tm4c123.o(.text)
    PWM1_FAULT_Handler                       0x00000df1   Thumb Code     2  startup_tm4c123.o(.text)
    __scatterload                            0x00000dfd   Thumb Code    28  init.o(.text)
    __scatterload_rt2                        0x00000dfd   Thumb Code     0  init.o(.text)
    SystemInit                               0x00000e21   Thumb Code   268  system_tm4c123.o(.text.SystemInit)
    main                                     0x00000f2d   Thumb Code  1202  main.o(.text.main)
    __scatterload_copy                       0x000013df   Thumb Code    14  handlers.o(i.__scatterload_copy)
    __scatterload_null                       0x000013ed   Thumb Code     2  handlers.o(i.__scatterload_null)
    __scatterload_zeroinit                   0x000013ef   Thumb Code    14  handlers.o(i.__scatterload_zeroinit)
    Region$$Table$$Base                      0x000013fc   Number         0  anon$$obj.o(Region$$Table)
    Region$$Table$$Limit                     0x0000140c   Number         0  anon$$obj.o(Region$$Table)
    __initial_sp                             0x20000200   Data           0  startup_tm4c123.o(STACK)



==============================================================================

Memory Map of the image

  Image Entry point : 0x00000d01

  Load Region LR_1 (Base: 0x00000000, Size: 0x0000140c, Max: 0xffffffff, ABSOLUTE)

    Execution Region ER_RO (Exec base: 0x00000000, Load base: 0x00000000, Size: 0x0000140c, Max: 0xffffffff, ABSOLUTE)

    Exec Addr    Load Addr    Size         Type   Attr      Idx    E Section Name        Object

    0x00000000   0x00000000   0x0000026c   Data   RO          152    RESET               startup_tm4c123.o
    0x0000026c   0x0000026c   0x00000000   Code   RO          173  * .ARM.Collect$$$$00000000  mc_w.l(entry.o)
    0x0000026c   0x0000026c   0x00000004   Code   RO          176    .ARM.Collect$$$$00000001  mc_w.l(entry2.o)
    0x00000270   0x00000270   0x00000004   Code   RO          179    .ARM.Collect$$$$00000004  mc_w.l(entry5.o)
    0x00000274   0x00000274   0x00000000   Code   RO          181    .ARM.Collect$$$$00000008  mc_w.l(entry7b.o)
    0x00000274   0x00000274   0x00000000   Code   RO          183    .ARM.Collect$$$$0000000A  mc_w.l(entry8b.o)
    0x00000274   0x00000274   0x00000008   Code   RO          184    .ARM.Collect$$$$0000000B  mc_w.l(entry9a.o)
    0x0000027c   0x0000027c   0x00000000   Code   RO          186    .ARM.Collect$$$$0000000D  mc_w.l(entry10a.o)
    0x0000027c   0x0000027c   0x00000000   Code   RO          188    .ARM.Collect$$$$0000000F  mc_w.l(entry11a.o)
    0x0000027c   0x0000027c   0x00000004   Code   RO          177    .ARM.Collect$$$$00002712  mc_w.l(entry2.o)
    0x00000280   0x00000280   0x0000006c   Code   RO           10    .text               init_portb.o
    0x000002ec   0x000002ec   0x0000007c   Code   RO           15    .text               init_portd.o
    0x00000368   0x00000368   0x0000006c   Code   RO           20    .text               init_porte.o
    0x000003d4   0x000003d4   0x0000007c   Code   RO           25    .text               init_portf.o
    0x00000450   0x00000450   0x0000006c   Code   RO           30    .text               init_porta.o
    0x000004bc   0x000004bc   0x000000c4   Code   RO           40    .text               display.o
    0x00000580   0x00000580   0x00000010   Code   RO           45    .text               viscuatro.o
    0x00000590   0x00000590   0x00000010   Code   RO           50    .text               visdos.o
    0x000005a0   0x000005a0   0x00000010   Code   RO           55    .text               vistres.o
    0x000005b0   0x000005b0   0x00000016   Code   RO           60    .text               visuno.o
    0x000005c6   0x000005c6   0x00000002   PAD
    0x000005c8   0x000005c8   0x00000016   Code   RO           65    .text               viscinco.o
    0x000005de   0x000005de   0x00000002   PAD
    0x000005e0   0x000005e0   0x00000012   Code   RO           70    .text               delay_ms.o
    0x000005f2   0x000005f2   0x00000002   PAD
    0x000005f4   0x000005f4   0x00000010   Code   RO           75    .text               visocho.o
    0x00000604   0x00000604   0x00000010   Code   RO           80    .text               visseis.o
    0x00000614   0x00000614   0x00000010   Code   RO           85    .text               vissiete.o
    0x00000624   0x00000624   0x0000000c   Code   RO           90    .text               botonespuntos.o
    0x00000630   0x00000630   0x000000ba   Code   RO           95    .text               tema.o
    0x000006ea   0x000006ea   0x00000002   PAD
    0x000006ec   0x000006ec   0x000000ba   Code   RO          100    .text               temb.o
    0x000007a6   0x000007a6   0x00000002   PAD
    0x000007a8   0x000007a8   0x0000000c   Code   RO          105    .text               botonestime.o
    0x000007b4   0x000007b4   0x0000008e   Code   RO          110    .text               time.o
    0x00000842   0x00000842   0x00000002   PAD
    0x00000844   0x00000844   0x0000000c   Code   RO          115    .text               botonstart.o
    0x00000850   0x00000850   0x00000128   Code   RO          120    .text               startime.o
    0x00000978   0x00000978   0x00000108   Code   RO          125    .text               finpartido.o
    0x00000a80   0x00000a80   0x00000016   Code   RO          130    .text               visnueve.o
    0x00000a96   0x00000a96   0x00000002   PAD
    0x00000a98   0x00000a98   0x0000007e   Code   RO          135    .text               finptiempo.o
    0x00000b16   0x00000b16   0x00000002   PAD
    0x00000b18   0x00000b18   0x000000f4   Code   RO          140    .text               startimeseg.o
    0x00000c0c   0x00000c0c   0x000000f4   Code   RO          145    .text               incre_tiemp.o
    0x00000d00   0x00000d00   0x000000fc   Code   RO          153  * .text               startup_tm4c123.o
    0x00000dfc   0x00000dfc   0x00000024   Code   RO          190    .text               mc_w.l(init.o)
    0x00000e20   0x00000e20   0x0000010c   Code   RO          164    .text.SystemInit    system_tm4c123.o
    0x00000f2c   0x00000f2c   0x000004b2   Code   RO            2    .text.main          main.o
    0x000013de   0x000013de   0x0000000e   Code   RO          194    i.__scatterload_copy  mc_w.l(handlers.o)
    0x000013ec   0x000013ec   0x00000002   Code   RO          195    i.__scatterload_null  mc_w.l(handlers.o)
    0x000013ee   0x000013ee   0x0000000e   Code   RO          196    i.__scatterload_zeroinit  mc_w.l(handlers.o)
    0x000013fc   0x000013fc   0x00000010   Data   RO          193    Region$$Table       anon$$obj.o


    Execution Region ER_RW (Exec base: 0x20000000, Load base: 0x0000140c, Size: 0x00000000, Max: 0xffffffff, ABSOLUTE)

    **** No section assigned to this execution region ****


    Execution Region ER_ZI (Exec base: 0x20000000, Load base: 0x0000140c, Size: 0x00000200, Max: 0xffffffff, ABSOLUTE)

    Exec Addr    Load Addr    Size         Type   Attr      Idx    E Section Name        Object

    0x20000000        -       0x00000200   Zero   RW          150    STACK               startup_tm4c123.o


==============================================================================

Image component sizes


      Code (inc. data)   RO Data    RW Data    ZI Data      Debug   Object Name

        12          0          0          0          0        341   botonespuntos.o
        12          0          0          0          0        335   botonestime.o
        12          0          0          0          0        332   botonstart.o
        18          0          0          0          0        369   delay_ms.o
       196          0          0          0          0        660   display.o
       264          0          0          0          0        713   finpartido.o
       126          0          0          0          0        607   finptiempo.o
       244          0          0          0          0        698   incre_tiemp.o
       108         32          0          0          0        355   init_porta.o
       108         32          0          0          0        355   init_portb.o
       124         40          0          0          0        358   init_portd.o
       108         32          0          0          0        357   init_porte.o
       124         40          0          0          0        360   init_portf.o
      1202          0          0          0          0       1704   main.o
       296          0          0          0          0        702   startime.o
       244          0          0          0          0        698   startimeseg.o
       252         10        620          0        512       5516   startup_tm4c123.o
       268          0          0          0          0       6804   system_tm4c123.o
       186          0          0          0          0        523   tema.o
       186          0          0          0          0        523   temb.o
       142          0          0          0          0        591   time.o
        22          0          0          0          0        329   viscinco.o
        16          0          0          0          0        330   viscuatro.o
        16          0          0          0          0        321   visdos.o
        22          0          0          0          0        329   visnueve.o
        16          0          0          0          0        324   visocho.o
        16          0          0          0          0        324   visseis.o
        16          0          0          0          0        327   vissiete.o
        16          0          0          0          0        324   vistres.o
        22          0          0          0          0        325   visuno.o

    ----------------------------------------------------------------------
      4410        186        636          0        512      25834   Object Totals
         0          0         16          0          0          0   (incl. Generated)
        16          0          0          0          0          0   (incl. Padding)

    ----------------------------------------------------------------------

      Code (inc. data)   RO Data    RW Data    ZI Data      Debug   Library Member Name

         0          0          0          0          0          0   entry.o
         0          0          0          0          0          0   entry10a.o
         0          0          0          0          0          0   entry11a.o
         8          4          0          0          0          0   entry2.o
         4          0          0          0          0          0   entry5.o
         0          0          0          0          0          0   entry7b.o
         0          0          0          0          0          0   entry8b.o
         8          4          0          0          0          0   entry9a.o
        30          0          0          0          0          0   handlers.o
        36          8          0          0          0         68   init.o

    ----------------------------------------------------------------------
        86         16          0          0          0         68   Library Totals
         0          0          0          0          0          0   (incl. Padding)

    ----------------------------------------------------------------------

      Code (inc. data)   RO Data    RW Data    ZI Data      Debug   Library Name

        86         16          0          0          0         68   mc_w.l

    ----------------------------------------------------------------------
        86         16          0          0          0         68   Library Totals

    ----------------------------------------------------------------------

==============================================================================


      Code (inc. data)   RO Data    RW Data    ZI Data      Debug   

      4496        202        636          0        512      26086   Grand Totals
      4496        202        636          0        512      26086   ELF Image Totals
      4496        202        636          0          0          0   ROM Totals

==============================================================================

    Total RO  Size (Code + RO Data)                 5132 (   5.01kB)
    Total RW  Size (RW Data + ZI Data)               512 (   0.50kB)
    Total ROM Size (Code + RO Data + RW Data)       5132 (   5.01kB)

==============================================================================

